[2026-10-01 20:26:17Z INFO HostContext] No proxy settings were found based on environmental variables (http_proxy/https_proxy/HTTP_PROXY/HTTPS_PROXY)
[2026-10-01 20:26:17Z INFO HostContext] Well known directory 'Bin': 'D:\cicd\actions-runner\actions-runner\bin'
[2026-10-01 20:26:17Z INFO HostContext] Well known directory 'Root': 'D:\cicd\actions-runner\actions-runner'
[2026-10-01 20:26:17Z INFO HostContext] Well known config file 'Credentials': 'D:\cicd\actions-runner\actions-runner\.credentials'
[2026-10-01 20:26:18Z INFO HostContext] Well known directory 'Bin': 'D:\cicd\actions-runner\actions-runner\bin'
[2026-10-01 20:26:18Z INFO HostContext] Well known directory 'Root': 'D:\cicd\actions-runner\actions-runner'
[2026-10-01 20:26:18Z INFO HostContext] Well known config file 'Runner': 'D:\cicd\actions-runner\actions-runner\.runner'
[2026-10-01 20:26:18Z INFO Listener] Runner is built for Windows (X64) - win-x64.
[2026-10-01 20:26:18Z INFO Listener] RuntimeInformation: Microsoft Windows 10.0.26200.
[2026-10-01 20:26:18Z INFO Listener] Version: 2.337.0
[2026-10-01 20:26:18Z INFO Listener] Commit: 397b032cbf865e9c3ddfab89d533ec19325e1273
[2026-10-01 20:26:18Z INFO Listener] Culture: en-IN
[2026-10-01 20:26:18Z INFO Listener] UI Culture: en-US
[2026-10-01 20:26:18Z INFO HostContext] Well known directory 'Bin': 'D:\cicd\actions-runner\actions-runner\bin'
[2026-10-01 20:26:18Z INFO HostContext] Well known directory 'Root': 'D:\cicd\actions-runner\actions-runner'
[2026-10-01 20:26:18Z INFO Listener] Validating directory permissions for: 'D:\cicd\actions-runner\actions-runner'
[2026-10-01 20:26:18Z INFO CommandLineParser] Parse
[2026-10-01 20:26:18Z INFO CommandLineParser] Parsing 1 args
[2026-10-01 20:26:18Z INFO CommandLineParser] parsing argument
[2026-10-01 20:26:18Z INFO CommandLineParser] HasArgs: False
[2026-10-01 20:26:18Z INFO CommandLineParser] Adding Command: run
[2026-10-01 20:26:18Z INFO Listener] Arguments parsed
[2026-10-01 20:26:18Z INFO Runner] ExecuteCommand
[2026-10-01 20:26:18Z INFO ConfigurationStore] currentAssemblyLocation: D:\cicd\actions-runner\actions-runner\bin\Runner.Listener.dll
[2026-10-01 20:26:18Z INFO HostContext] Well known directory 'Bin': 'D:\cicd\actions-runner\actions-runner\bin'
[2026-10-01 20:26:18Z INFO ConfigurationStore] binPath: D:\cicd\actions-runner\actions-runner\bin
[2026-10-01 20:26:18Z INFO HostContext] Well known directory 'Bin': 'D:\cicd\actions-runner\actions-runner\bin'
[2026-10-01 20:26:18Z INFO HostContext] Well known directory 'Root': 'D:\cicd\actions-runner\actions-runner'
[2026-10-01 20:26:18Z INFO ConfigurationStore] RootFolder: D:\cicd\actions-runner\actions-runner
[2026-10-01 20:26:18Z INFO HostContext] Well known directory 'Bin': 'D:\cicd\actions-runner\actions-runner\bin'
[2026-10-01 20:26:18Z INFO HostContext] Well known directory 'Root': 'D:\cicd\actions-runner\actions-runner'
[2026-10-01 20:26:18Z INFO HostContext] Well known config file 'Runner': 'D:\cicd\actions-runner\actions-runner\.runner'
[2026-10-01 20:26:18Z INFO ConfigurationStore] ConfigFilePath: D:\cicd\actions-runner\actions-runner\.runner
[2026-10-01 20:26:18Z INFO HostContext] Well known directory 'Bin': 'D:\cicd\actions-runner\actions-runner\bin'
[2026-10-01 20:26:18Z INFO HostContext] Well known directory 'Root': 'D:\cicd\actions-runner\actions-runner'
[2026-10-01 20:26:18Z INFO HostContext] Well known config file 'MigratedRunner': 'D:\cicd\actions-runner\actions-runner\.runner_migrated'
[2026-10-01 20:26:18Z INFO ConfigurationStore] MigratedConfigFilePath: D:\cicd\actions-runner\actions-runner\.runner_migrated
[2026-10-01 20:26:18Z INFO HostContext] Well known directory 'Bin': 'D:\cicd\actions-runner\actions-runner\bin'
[2026-10-01 20:26:18Z INFO HostContext] Well known directory 'Root': 'D:\cicd\actions-runner\actions-runner'
[2026-10-01 20:26:18Z INFO HostContext] Well known config file 'Credentials': 'D:\cicd\actions-runner\actions-runner\.credentials'
[2026-10-01 20:26:18Z INFO ConfigurationStore] CredFilePath: D:\cicd\actions-runner\actions-runner\.credentials
[2026-10-01 20:26:18Z INFO HostContext] Well known directory 'Bin': 'D:\cicd\actions-runner\actions-runner\bin'
[2026-10-01 20:26:18Z INFO HostContext] Well known directory 'Root': 'D:\cicd\actions-runner\actions-runner'
[2026-10-01 20:26:18Z INFO HostContext] Well known config file 'MigratedCredentials': 'D:\cicd\actions-runner\actions-runner\.credentials_migrated'
[2026-10-01 20:26:18Z INFO ConfigurationStore] MigratedCredFilePath: D:\cicd\actions-runner\actions-runner\.credentials_migrated
[2026-10-01 20:26:18Z INFO HostContext] Well known directory 'Bin': 'D:\cicd\actions-runner\actions-runner\bin'
[2026-10-01 20:26:18Z INFO HostContext] Well known directory 'Root': 'D:\cicd\actions-runner\actions-runner'
[2026-10-01 20:26:18Z INFO HostContext] Well known config file 'Service': 'D:\cicd\actions-runner\actions-runner\.service'
[2026-10-01 20:26:18Z INFO ConfigurationStore] ServiceConfigFilePath: D:\cicd\actions-runner\actions-runner\.service
[2026-10-01 20:26:18Z INFO CommandSettings] Flag 'help': 'False'
[2026-10-01 20:26:18Z INFO CommandSettings] Flag 'version': 'False'
[2026-10-01 20:26:18Z INFO CommandSettings] Flag 'commit': 'False'
[2026-10-01 20:26:18Z INFO CommandSettings] Flag 'check': 'False'
[2026-10-01 20:26:18Z INFO CommandSettings] Command 'configure': 'False'
[2026-10-01 20:26:18Z INFO CommandSettings] Command 'remove': 'False'
[2026-10-01 20:26:18Z INFO CommandSettings] Command 'warmup': 'False'
[2026-10-01 20:26:18Z INFO ConfigurationManager] LoadSettings
[2026-10-01 20:26:18Z INFO ConfigurationStore] IsConfigured()
[2026-10-01 20:26:18Z INFO ConfigurationStore] IsConfigured: True
[2026-10-01 20:26:18Z INFO ConfigurationManager] Is configured: True
[2026-10-01 20:26:18Z INFO ConfigurationStore] Read setting file: 407 chars
[2026-10-01 20:26:18Z INFO ConfigurationManager] Settings Loaded
[2026-10-01 20:26:18Z INFO ConfigurationStore] IsServiceConfigured()
[2026-10-01 20:26:18Z INFO ConfigurationStore] IsServiceConfigured: False
[2026-10-01 20:26:18Z INFO CommandSettings] Command 'run': 'True'
[2026-10-01 20:26:18Z INFO ConfigurationStore] IsConfigured()
[2026-10-01 20:26:18Z INFO ConfigurationStore] IsConfigured: True
[2026-10-01 20:26:18Z INFO ConfigurationManager] Is configured: True
[2026-10-01 20:26:18Z INFO Runner] Could not parse the argument value '' for StartupType. Defaulting to Manual
[2026-10-01 20:26:18Z INFO Runner] Set runner startup type - Manual
[2026-10-01 20:26:18Z INFO CommandSettings] Flag 'once': 'False'
[2026-10-01 20:26:18Z INFO CommandSettings] Flag 'once': 'False'
[2026-10-01 20:26:18Z INFO Runner] RunAsync
[2026-10-01 20:26:18Z INFO HostContext] Well known directory 'Bin': 'D:\cicd\actions-runner\actions-runner\bin'
[2026-10-01 20:26:18Z INFO HostContext] Well known directory 'Root': 'D:\cicd\actions-runner\actions-runner'
[2026-10-01 20:26:18Z INFO HostContext] Well known directory 'Work': 'D:\cicd\actions-runner\actions-runner\_work'
[2026-10-01 20:26:18Z INFO Runner] Validating directory permissions for: 'D:\cicd\actions-runner\actions-runner\_work'
[2026-10-01 20:26:18Z INFO ConfigurationManager] LoadMigratedSettings
[2026-10-01 20:26:18Z INFO ConfigurationStore] IsMigratedConfigured()
[2026-10-01 20:26:18Z INFO ConfigurationStore] IsMigratedConfigured: False
[2026-10-01 20:26:18Z INFO Runner] Failed to load migrated settings: No migrated configuration found.
[2026-10-01 20:26:18Z INFO Runner] Falling back to original .runner settings
[2026-10-01 20:26:18Z INFO Runner] Using BrokerMessageListener
[2026-10-01 20:26:18Z INFO BrokerMessageListener] Using provided settings
[2026-10-01 20:26:18Z INFO BrokerMessageListener] {
  "AgentId": 2,
  "AgentName": "VIKRANT",
  "PoolId": 1,
  "PoolName": "Default",
  "ServerUrl": "https://pipelinesghubeus21.actions.githubusercontent.com/xFeeV8GjsBZdKPuRRskkIPUoGFLk558aJzE1pJSZLsSoTu4xSy/",
  "GitHubUrl": "https://github.com/vikranttiwari988-ops/myrepoterraform",
  "WorkFolder": "_work",
  "UseV2Flow": true,
  "ServerUrlV2": "https://broker.actions.githubusercontent.com/"
}
[2026-10-01 20:26:18Z INFO BrokerMessageListener] Loading Credentials
[2026-10-01 20:26:18Z INFO ConfigurationStore] HasCredentials()
[2026-10-01 20:26:18Z INFO ConfigurationStore] stored True
[2026-10-01 20:26:18Z INFO CredentialManager] GetCredentialProvider
[2026-10-01 20:26:18Z INFO CredentialManager] Creating type OAuth
[2026-10-01 20:26:18Z INFO CredentialManager] Creating credential type: OAuth
[2026-10-01 20:26:18Z INFO HostContext] Well known directory 'Bin': 'D:\cicd\actions-runner\actions-runner\bin'
[2026-10-01 20:26:18Z INFO HostContext] Well known directory 'Root': 'D:\cicd\actions-runner\actions-runner'
[2026-10-01 20:26:18Z INFO HostContext] Well known config file 'RSACredentials': 'D:\cicd\actions-runner\actions-runner\.credentials_rsaparams'
[2026-10-01 20:26:18Z INFO RSAEncryptedFileKeyManager] Loading RSA key parameters from file D:\cicd\actions-runner\actions-runner\.credentials_rsaparams
[2026-10-01 20:26:18Z INFO BrokerMessageListener] Attempt to create session.
[2026-10-01 20:26:18Z INFO BrokerMessageListener] Connecting to the Broker Server...
[2026-10-01 20:26:18Z INFO ConfigurationStore] HasCredentials()
[2026-10-01 20:26:18Z INFO ConfigurationStore] stored True
[2026-10-01 20:26:18Z INFO CredentialManager] GetCredentialProvider
[2026-10-01 20:26:18Z INFO CredentialManager] Creating type OAuth
[2026-10-01 20:26:18Z INFO CredentialManager] Creating credential type: OAuth
[2026-10-01 20:26:18Z INFO RSAEncryptedFileKeyManager] Loading RSA key parameters from file D:\cicd\actions-runner\actions-runner\.credentials_rsaparams
[2026-10-01 20:26:18Z INFO BrokerMessageListener] VssConnection created
[2026-10-01 20:26:18Z INFO BrokerMessageListener] Connecting to the Runner server...
[2026-10-01 20:26:18Z INFO RunnerServer] EstablishVssConnection
[2026-10-01 20:26:18Z INFO RunnerServer] Establish connection with 100 seconds timeout.
[2026-10-01 20:26:18Z INFO GitHubActionsService] Starting operation Location.GetConnectionData
[2026-10-01 20:26:18Z INFO RunnerServer] EstablishVssConnection
[2026-10-01 20:26:18Z INFO RunnerServer] Establish connection with 60 seconds timeout.
[2026-10-01 20:26:18Z INFO GitHubActionsService] Starting operation Location.GetConnectionData
[2026-10-01 20:26:18Z INFO RunnerServer] EstablishVssConnection
[2026-10-01 20:26:18Z INFO RunnerServer] Establish connection with 60 seconds timeout.
[2026-10-01 20:26:18Z INFO GitHubActionsService] Starting operation Location.GetConnectionData
[2026-10-01 20:26:19Z INFO GitHubActionsService] Finished operation Location.GetConnectionData
[2026-10-01 20:26:19Z INFO GitHubActionsService] Finished operation Location.GetConnectionData
[2026-10-01 20:26:19Z INFO GitHubActionsService] Finished operation Location.GetConnectionData
[2026-10-01 20:26:19Z INFO BrokerMessageListener] VssConnection created
[2026-10-01 20:26:19Z INFO Terminal] WRITE LINE: 
[2026-10-01 20:26:19Z INFO Terminal] WRITE LINE: 
[2026-10-01 20:26:19Z INFO RSAEncryptedFileKeyManager] Loading RSA key parameters from file D:\cicd\actions-runner\actions-runner\.credentials_rsaparams
[2026-10-01 20:26:19Z INFO RSAEncryptedFileKeyManager] Loading RSA key parameters from file D:\cicd\actions-runner\actions-runner\.credentials_rsaparams
[2026-10-01 20:26:20Z INFO GitHubActionsService] AAD Correlation ID for this token request: Unknown
[2026-10-01 20:26:21Z INFO BrokerMessageListener] Session created.
[2026-10-01 20:26:21Z INFO Terminal] WRITE LINE: Current runner version: '2.337.0'
[2026-10-01 20:26:21Z INFO Terminal] WRITE LINE: 2026-10-01 20:26:21Z: Listening for Jobs
[2026-10-01 20:26:21Z INFO JobDispatcher] Set runner/worker IPC timeout to 30 seconds.
